Java HotSpot(TM) 64-Bit Server VM (25.144-b01) for windows-amd64 JRE (1.8.0_144-b01), built on Jul 21 2017 21:57:33 by "java_re" with MS VC++ 10.0 (VS2010)
Memory: 4k page, physical 8380020k(827136k free), swap 16758140k(5104364k free)
CommandLine flags: -XX:InitialHeapSize=134080320 -XX:MaxHeapSize=2145285120 -XX:+PrintGC -XX:+PrintGCDateStamps -XX:+PrintGCDetails -XX:+PrintGCTimeStamps -XX:+UseCompressedClassPointers -XX:+UseCompressedOops -XX:-UseLargePagesIndividualAllocation -XX:+UseSerialGC 
2020-10-25T17:20:29.498+0800: 0.860: [GC (Allocation Failure) 2020-10-25T17:20:29.498+0800: 0.860: [DefNew: 34361K->4351K(39296K), 0.0078281 secs] 34361K->11127K(126720K), 0.0079829 secs] [Times: user=0.01 sys=0.00, real=0.01 secs] 
2020-10-25T17:20:29.520+0800: 0.883: [GC (Allocation Failure) 2020-10-25T17:20:29.521+0800: 0.883: [DefNew: 39171K->4349K(39296K), 0.0105052 secs] 45947K->26309K(126720K), 0.0106013 secs] [Times: user=0.01 sys=0.00, real=0.01 secs] 
2020-10-25T17:20:29.542+0800: 0.905: [GC (Allocation Failure) 2020-10-25T17:20:29.542+0800: 0.905: [DefNew: 39092K->4328K(39296K), 0.0079323 secs] 61052K->39666K(126720K), 0.0080077 secs] [Times: user=0.00 sys=0.02, real=0.01 secs] 
2020-10-25T17:20:29.556+0800: 0.920: [GC (Allocation Failure) 2020-10-25T17:20:29.556+0800: 0.920: [DefNew: 39272K->4347K(39296K), 0.0079988 secs] 74610K->53693K(126720K), 0.0080829 secs] [Times: user=0.00 sys=0.02, real=0.01 secs] 
2020-10-25T17:20:29.572+0800: 0.936: [GC (Allocation Failure) 2020-10-25T17:20:29.572+0800: 0.936: [DefNew: 38725K->4351K(39296K), 0.0060189 secs] 88070K->63395K(126720K), 0.0060957 secs] [Times: user=0.02 sys=0.00, real=0.01 secs] 
2020-10-25T17:20:29.584+0800: 0.949: [GC (Allocation Failure) 2020-10-25T17:20:29.584+0800: 0.949: [DefNew: 39295K->4348K(39296K), 0.0077616 secs] 98339K->77018K(126720K), 0.0078488 secs] [Times: user=0.00 sys=0.00, real=0.01 secs] 
2020-10-25T17:20:29.599+0800: 0.965: [GC (Allocation Failure) 2020-10-25T17:20:29.599+0800: 0.965: [DefNew: 39243K->4349K(39296K), 0.0082362 secs] 111913K->89633K(126720K), 0.0083360 secs] [Times: user=0.00 sys=0.02, real=0.01 secs] 
2020-10-25T17:20:29.616+0800: 0.981: [GC (Allocation Failure) 2020-10-25T17:20:29.616+0800: 0.981: [DefNew: 38880K->4349K(39296K), 0.0062567 secs]2020-10-25T17:20:29.622+0800: 0.988: [Tenured: 95579K->95546K(95580K), 0.0154159 secs] 124165K->95718K(134876K), [Metaspace: 2667K->2667K(1056768K)], 0.0223601 secs] [Times: user=0.02 sys=0.00, real=0.02 secs] 
2020-10-25T17:20:29.656+0800: 1.023: [GC (Allocation Failure) 2020-10-25T17:20:29.656+0800: 1.023: [DefNew: 63808K->7935K(71744K), 0.0128891 secs] 159354K->119737K(230992K), 0.0129977 secs] [Times: user=0.00 sys=0.00, real=0.01 secs] 
2020-10-25T17:20:29.684+0800: 1.051: [GC (Allocation Failure) 2020-10-25T17:20:29.684+0800: 1.051: [DefNew: 71364K->7931K(71744K), 0.0162057 secs] 183166K->143410K(230992K), 0.0163071 secs] [Times: user=0.00 sys=0.02, real=0.01 secs] 
2020-10-25T17:20:29.715+0800: 1.084: [GC (Allocation Failure) 2020-10-25T17:20:29.715+0800: 1.084: [DefNew: 71739K->7935K(71744K), 0.0132972 secs] 207218K->165689K(230992K), 0.0133992 secs] [Times: user=0.02 sys=0.00, real=0.01 secs] 
2020-10-25T17:20:29.743+0800: 1.112: [GC (Allocation Failure) 2020-10-25T17:20:29.743+0800: 1.112: [DefNew: 71743K->7934K(71744K), 0.0135797 secs]2020-10-25T17:20:29.756+0800: 1.126: [Tenured: 180868K->166751K(181060K), 0.0309408 secs] 229497K->166751K(252804K), [Metaspace: 2667K->2667K(1056768K)], 0.0450007 secs] [Times: user=0.03 sys=0.01, real=0.04 secs] 
2020-10-25T17:20:29.824+0800: 1.196: [GC (Allocation Failure) 2020-10-25T17:20:29.824+0800: 1.196: [DefNew: 111137K->13887K(125120K), 0.0136406 secs] 277889K->200109K(403040K), 0.0137322 secs] [Times: user=0.02 sys=0.00, real=0.01 secs] 
2020-10-25T17:20:29.862+0800: 1.236: [GC (Allocation Failure) 2020-10-25T17:20:29.862+0800: 1.236: [DefNew: 124796K->13887K(125120K), 0.0288151 secs] 311018K->236918K(403040K), 0.0289162 secs] [Times: user=0.00 sys=0.03, real=0.03 secs] 
2020-10-25T17:20:29.917+0800: 1.292: [GC (Allocation Failure) 2020-10-25T17:20:29.917+0800: 1.292: [DefNew: 125119K->13886K(125120K), 0.0299491 secs] 348150K->271156K(403040K), 0.0300949 secs] [Times: user=0.02 sys=0.02, real=0.03 secs] 
2020-10-25T17:20:29.971+0800: 1.350: [GC (Allocation Failure) 2020-10-25T17:20:29.971+0800: 1.350: [DefNew: 125118K->13887K(125120K), 0.0291481 secs]2020-10-25T17:20:30.001+0800: 1.379: [Tenured: 290587K->240164K(290688K), 0.0464964 secs] 382388K->240164K(415808K), [Metaspace: 2667K->2667K(1056768K)], 0.0763072 secs] [Times: user=0.06 sys=0.02, real=0.08 secs] 
2020-10-25T17:20:30.095+0800: 1.475: [GC (Allocation Failure) 2020-10-25T17:20:30.095+0800: 1.475: [DefNew: 160256K->19966K(180224K), 0.0241902 secs] 400420K->296624K(580500K), 0.0242925 secs] [Times: user=0.00 sys=0.01, real=0.02 secs] 
2020-10-25T17:20:30.155+0800: 1.538: [GC (Allocation Failure) 2020-10-25T17:20:30.155+0800: 1.538: [DefNew: 180222K->19962K(180224K), 0.0450834 secs] 456880K->339620K(580500K), 0.0451823 secs] [Times: user=0.02 sys=0.03, real=0.04 secs] 
2020-10-25T17:20:30.236+0800: 1.623: [GC (Allocation Failure) 2020-10-25T17:20:30.237+0800: 1.623: [DefNew: 180218K->19967K(180224K), 0.0491470 secs] 499876K->390917K(580500K), 0.0493018 secs] [Times: user=0.03 sys=0.02, real=0.05 secs] 
2020-10-25T17:20:30.321+0800: 1.708: [GC (Allocation Failure) 2020-10-25T17:20:30.321+0800: 1.708: [DefNew: 179678K->19966K(180224K), 0.0505229 secs]2020-10-25T17:20:30.370+0800: 1.759: [Tenured: 423952K->295716K(424028K), 0.0659774 secs] 550628K->295716K(604252K), [Metaspace: 2667K->2667K(1056768K)], 0.1169475 secs] [Times: user=0.09 sys=0.02, real=0.11 secs] 
Heap
 def new generation   total 221824K, used 57917K [0x0000000080200000, 0x000000008f2b0000, 0x00000000aac00000)
  eden space 197184K,  29% used [0x0000000080200000, 0x0000000083a8f7a8, 0x000000008c290000)
  from space 24640K,   0% used [0x000000008c290000, 0x000000008c290000, 0x000000008daa0000)
  to   space 24640K,   0% used [0x000000008daa0000, 0x000000008daa0000, 0x000000008f2b0000)
 tenured generation   total 492864K, used 295716K [0x00000000aac00000, 0x00000000c8d50000, 0x0000000100000000)
   the space 492864K,  59% used [0x00000000aac00000, 0x00000000bccc9298, 0x00000000bccc9400, 0x00000000c8d50000)
 Metaspace       used 2673K, capacity 4486K, committed 4864K, reserved 1056768K
  class space    used 297K, capacity 386K, committed 512K, reserved 1048576K
