Java HotSpot(TM) 64-Bit Server VM (25.144-b01) for windows-amd64 JRE (1.8.0_144-b01), built on Jul 21 2017 21:57:33 by "java_re" with MS VC++ 10.0 (VS2010)
Memory: 4k page, physical 8380020k(982704k free), swap 16758140k(5106304k free)
CommandLine flags: -XX:InitialHeapSize=134080320 -XX:MaxHeapSize=2145285120 -XX:+PrintGC -XX:+PrintGCDateStamps -XX:+PrintGCDetails -XX:+PrintGCTimeStamps -XX:+UseCompressedClassPointers -XX:+UseCompressedOops -XX:+UseG1GC -XX:-UseLargePagesIndividualAllocation 
2020-10-25T17:22:51.192+0800: 0.146: [GC pause (G1 Evacuation Pause) (young), 0.0025674 secs]
   [Parallel Time: 2.1 ms, GC Workers: 4]
      [GC Worker Start (ms): Min: 146.1, Avg: 146.3, Max: 146.8, Diff: 0.7]
      [Ext Root Scanning (ms): Min: 0.0, Avg: 0.2, Max: 0.4, Diff: 0.3, Sum: 1.0]
      [Update RS (ms): Min: 0.0, Avg: 0.0, Max: 0.0, Diff: 0.0, Sum: 0.0]
         [Processed Buffers: Min: 0, Avg: 0.0, Max: 0, Diff: 0, Sum: 0]
      [Scan RS (ms): Min: 0.0, Avg: 0.0, Max: 0.0, Diff: 0.0, Sum: 0.0]
      [Code Root Scanning (ms): Min: 0.0, Avg: 0.0, Max: 0.0, Diff: 0.0, Sum: 0.0]
      [Object Copy (ms): Min: 1.3, Avg: 1.5, Max: 1.7, Diff: 0.4, Sum: 6.2]
      [Termination (ms): Min: 0.0, Avg: 0.0, Max: 0.0, Diff: 0.0, Sum: 0.1]
         [Termination Attempts: Min: 1, Avg: 1.0, Max: 1, Diff: 0, Sum: 4]
      [GC Worker Other (ms): Min: 0.0, Avg: 0.1, Max: 0.2, Diff: 0.1, Sum: 0.3]
      [GC Worker Total (ms): Min: 1.4, Avg: 1.9, Max: 2.1, Diff: 0.7, Sum: 7.6]
      [GC Worker End (ms): Min: 148.2, Avg: 148.2, Max: 148.2, Diff: 0.0]
   [Code Root Fixup: 0.0 ms]
   [Code Root Purge: 0.0 ms]
   [Clear CT: 0.1 ms]
   [Other: 0.3 ms]
      [Choose CSet: 0.0 ms]
      [Ref Proc: 0.1 ms]
      [Ref Enq: 0.0 ms]
      [Redirty Cards: 0.1 ms]
      [Humongous Register: 0.0 ms]
      [Humongous Reclaim: 0.0 ms]
      [Free CSet: 0.0 ms]
   [Eden: 6144.0K(6144.0K)->0.0B(10.0M) Survivors: 0.0B->1024.0K Heap: 6787.7K(128.0M)->3940.2K(128.0M)]
 [Times: user=0.00 sys=0.02, real=0.00 secs] 
2020-10-25T17:22:51.207+0800: 0.161: [GC pause (G1 Evacuation Pause) (young), 0.0034284 secs]
   [Parallel Time: 3.0 ms, GC Workers: 4]
      [GC Worker Start (ms): Min: 160.6, Avg: 162.5, Max: 163.5, Diff: 3.0]
      [Ext Root Scanning (ms): Min: 0.0, Avg: 0.1, Max: 0.4, Diff: 0.4, Sum: 0.5]
      [Update RS (ms): Min: 0.0, Avg: 0.1, Max: 0.4, Diff: 0.4, Sum: 0.4]
         [Processed Buffers: Min: 0, Avg: 1.3, Max: 5, Diff: 5, Sum: 5]
      [Scan RS (ms): Min: 0.0, Avg: 0.0, Max: 0.0, Diff: 0.0, Sum: 0.0]
      [Code Root Scanning (ms): Min: 0.0, Avg: 0.0, Max: 0.0, Diff: 0.0, Sum: 0.0]
      [Object Copy (ms): Min: 0.0, Avg: 0.7, Max: 2.0, Diff: 2.0, Sum: 2.8]
      [Termination (ms): Min: 0.0, Avg: 0.1, Max: 0.1, Diff: 0.1, Sum: 0.2]
         [Termination Attempts: Min: 1, Avg: 1.0, Max: 1, Diff: 0, Sum: 4]
      [GC Worker Other (ms): Min: 0.0, Avg: 0.0, Max: 0.0, Diff: 0.0, Sum: 0.1]
      [GC Worker Total (ms): Min: 0.0, Avg: 1.0, Max: 3.0, Diff: 3.0, Sum: 4.1]
      [GC Worker End (ms): Min: 163.5, Avg: 163.6, Max: 163.6, Diff: 0.0]
   [Code Root Fixup: 0.0 ms]
   [Code Root Purge: 0.0 ms]
   [Clear CT: 0.1 ms]
   [Other: 0.3 ms]
      [Choose CSet: 0.0 ms]
      [Ref Proc: 0.1 ms]
      [Ref Enq: 0.0 ms]
      [Redirty Cards: 0.1 ms]
      [Humongous Register: 0.0 ms]
      [Humongous Reclaim: 0.0 ms]
      [Free CSet: 0.0 ms]
   [Eden: 10.0M(10.0M)->0.0B(74.0M) Survivors: 1024.0K->2048.0K Heap: 18.2M(128.0M)->9019.8K(128.0M)]
 [Times: user=0.02 sys=0.00, real=0.00 secs] 
2020-10-25T17:22:51.261+0800: 0.217: [GC pause (G1 Evacuation Pause) (young), 0.0110453 secs]
   [Parallel Time: 10.4 ms, GC Workers: 4]
      [GC Worker Start (ms): Min: 217.6, Avg: 217.8, Max: 218.6, Diff: 1.0]
      [Ext Root Scanning (ms): Min: 0.0, Avg: 0.2, Max: 0.2, Diff: 0.2, Sum: 0.7]
      [Update RS (ms): Min: 0.0, Avg: 0.5, Max: 0.7, Diff: 0.7, Sum: 2.1]
         [Processed Buffers: Min: 1, Avg: 7.8, Max: 11, Diff: 10, Sum: 31]
      [Scan RS (ms): Min: 0.0, Avg: 0.0, Max: 0.0, Diff: 0.0, Sum: 0.1]
      [Code Root Scanning (ms): Min: 0.0, Avg: 0.0, Max: 0.1, Diff: 0.0, Sum: 0.1]
      [Object Copy (ms): Min: 8.7, Avg: 8.7, Max: 8.8, Diff: 0.2, Sum: 35.0]
      [Termination (ms): Min: 0.0, Avg: 0.2, Max: 0.6, Diff: 0.6, Sum: 0.9]
         [Termination Attempts: Min: 1, Avg: 1.0, Max: 1, Diff: 0, Sum: 4]
      [GC Worker Other (ms): Min: 0.0, Avg: 0.0, Max: 0.0, Diff: 0.0, Sum: 0.1]
      [GC Worker Total (ms): Min: 8.9, Avg: 9.8, Max: 10.3, Diff: 1.4, Sum: 39.1]
      [GC Worker End (ms): Min: 227.5, Avg: 227.6, Max: 227.9, Diff: 0.4]
   [Code Root Fixup: 0.0 ms]
   [Code Root Purge: 0.0 ms]
   [Clear CT: 0.1 ms]
   [Other: 0.6 ms]
      [Choose CSet: 0.0 ms]
      [Ref Proc: 0.1 ms]
      [Ref Enq: 0.0 ms]
      [Redirty Cards: 0.3 ms]
      [Humongous Register: 0.0 ms]
      [Humongous Reclaim: 0.1 ms]
      [Free CSet: 0.0 ms]
   [Eden: 74.0M(74.0M)->0.0B(20.0M) Survivors: 2048.0K->10.0M Heap: 102.3M(128.0M)->37.9M(139.0M)]
 [Times: user=0.00 sys=0.00, real=0.01 secs] 
2020-10-25T17:22:51.278+0800: 0.235: [GC pause (G1 Evacuation Pause) (young), 0.0025939 secs]
   [Parallel Time: 2.2 ms, GC Workers: 4]
      [GC Worker Start (ms): Min: 234.7, Avg: 234.7, Max: 234.8, Diff: 0.0]
      [Ext Root Scanning (ms): Min: 0.2, Avg: 0.2, Max: 0.2, Diff: 0.0, Sum: 0.8]
      [Update RS (ms): Min: 0.1, Avg: 0.1, Max: 0.1, Diff: 0.1, Sum: 0.5]
         [Processed Buffers: Min: 1, Avg: 2.0, Max: 3, Diff: 2, Sum: 8]
      [Scan RS (ms): Min: 0.0, Avg: 0.1, Max: 0.1, Diff: 0.1, Sum: 0.3]
      [Code Root Scanning (ms): Min: 0.0, Avg: 0.0, Max: 0.0, Diff: 0.0, Sum: 0.1]
      [Object Copy (ms): Min: 1.6, Avg: 1.7, Max: 1.7, Diff: 0.1, Sum: 6.7]
      [Termination (ms): Min: 0.0, Avg: 0.0, Max: 0.1, Diff: 0.1, Sum: 0.1]
         [Termination Attempts: Min: 1, Avg: 1.0, Max: 1, Diff: 0, Sum: 4]
      [GC Worker Other (ms): Min: 0.0, Avg: 0.0, Max: 0.0, Diff: 0.0, Sum: 0.1]
      [GC Worker Total (ms): Min: 2.1, Avg: 2.1, Max: 2.1, Diff: 0.0, Sum: 8.5]
      [GC Worker End (ms): Min: 236.9, Avg: 236.9, Max: 236.9, Diff: 0.0]
   [Code Root Fixup: 0.0 ms]
   [Code Root Purge: 0.0 ms]
   [Clear CT: 0.1 ms]
   [Other: 0.4 ms]
      [Choose CSet: 0.0 ms]
      [Ref Proc: 0.1 ms]
      [Ref Enq: 0.0 ms]
      [Redirty Cards: 0.1 ms]
      [Humongous Register: 0.0 ms]
      [Humongous Reclaim: 0.0 ms]
      [Free CSet: 0.0 ms]
   [Eden: 20.0M(20.0M)->0.0B(53.0M) Survivors: 10.0M->4096.0K Heap: 62.5M(139.0M)->44.9M(139.0M)]
 [Times: user=0.00 sys=0.00, real=0.00 secs] 
2020-10-25T17:22:51.293+0800: 0.249: [GC pause (G1 Humongous Allocation) (young) (initial-mark), 0.0022589 secs]
   [Parallel Time: 1.8 ms, GC Workers: 4]
      [GC Worker Start (ms): Min: 249.2, Avg: 249.3, Max: 249.3, Diff: 0.1]
      [Ext Root Scanning (ms): Min: 0.2, Avg: 0.2, Max: 0.2, Diff: 0.1, Sum: 0.9]
      [Update RS (ms): Min: 0.2, Avg: 0.2, Max: 0.3, Diff: 0.0, Sum: 1.0]
         [Processed Buffers: Min: 4, Avg: 4.0, Max: 4, Diff: 0, Sum: 16]
      [Scan RS (ms): Min: 0.0, Avg: 0.0, Max: 0.0, Diff: 0.0, Sum: 0.1]
      [Code Root Scanning (ms): Min: 0.0, Avg: 0.0, Max: 0.0, Diff: 0.0, Sum: 0.0]
      [Object Copy (ms): Min: 1.1, Avg: 1.2, Max: 1.2, Diff: 0.1, Sum: 4.7]
      [Termination (ms): Min: 0.0, Avg: 0.0, Max: 0.1, Diff: 0.1, Sum: 0.2]
         [Termination Attempts: Min: 1, Avg: 1.0, Max: 1, Diff: 0, Sum: 4]
      [GC Worker Other (ms): Min: 0.0, Avg: 0.0, Max: 0.0, Diff: 0.0, Sum: 0.1]
      [GC Worker Total (ms): Min: 1.7, Avg: 1.7, Max: 1.8, Diff: 0.1, Sum: 6.9]
      [GC Worker End (ms): Min: 251.0, Avg: 251.0, Max: 251.0, Diff: 0.0]
   [Code Root Fixup: 0.0 ms]
   [Code Root Purge: 0.0 ms]
   [Clear CT: 0.1 ms]
   [Other: 0.4 ms]
      [Choose CSet: 0.0 ms]
      [Ref Proc: 0.1 ms]
      [Ref Enq: 0.0 ms]
      [Redirty Cards: 0.1 ms]
      [Humongous Register: 0.0 ms]
      [Humongous Reclaim: 0.0 ms]
      [Free CSet: 0.0 ms]
   [Eden: 41.0M(53.0M)->0.0B(41.0M) Survivors: 4096.0K->8192.0K Heap: 95.3M(139.0M)->61.9M(139.0M)]
 [Times: user=0.00 sys=0.00, real=0.00 secs] 
2020-10-25T17:22:51.295+0800: 0.252: [GC concurrent-root-region-scan-start]
2020-10-25T17:22:51.295+0800: 0.252: [GC concurrent-root-region-scan-end, 0.0001176 secs]
2020-10-25T17:22:51.295+0800: 0.252: [GC concurrent-mark-start]
2020-10-25T17:22:51.297+0800: 0.253: [GC concurrent-mark-end, 0.0012943 secs]
2020-10-25T17:22:51.297+0800: 0.253: [GC remark 2020-10-25T17:22:51.297+0800: 0.253: [Finalize Marking, 0.0000897 secs] 2020-10-25T17:22:51.297+0800: 0.253: [GC ref-proc, 0.0000601 secs] 2020-10-25T17:22:51.297+0800: 0.253: [Unloading, 0.0005364 secs], 0.0009912 secs]
 [Times: user=0.00 sys=0.00, real=0.00 secs] 
2020-10-25T17:22:51.298+0800: 0.254: [GC cleanup 69M->69M(139M), 0.0003797 secs]
 [Times: user=0.00 sys=0.00, real=0.00 secs] 
2020-10-25T17:22:51.309+0800: 0.265: [GC pause (G1 Evacuation Pause) (young), 0.0030618 secs]
   [Parallel Time: 2.6 ms, GC Workers: 4]
      [GC Worker Start (ms): Min: 265.1, Avg: 265.1, Max: 265.1, Diff: 0.0]
      [Ext Root Scanning (ms): Min: 0.2, Avg: 0.2, Max: 0.2, Diff: 0.0, Sum: 0.9]
      [Update RS (ms): Min: 0.1, Avg: 0.2, Max: 0.2, Diff: 0.1, Sum: 0.6]
         [Processed Buffers: Min: 2, Avg: 2.8, Max: 3, Diff: 1, Sum: 11]
      [Scan RS (ms): Min: 0.0, Avg: 0.0, Max: 0.0, Diff: 0.0, Sum: 0.1]
      [Code Root Scanning (ms): Min: 0.0, Avg: 0.0, Max: 0.0, Diff: 0.0, Sum: 0.0]
      [Object Copy (ms): Min: 1.9, Avg: 2.0, Max: 2.1, Diff: 0.2, Sum: 7.9]
      [Termination (ms): Min: 0.0, Avg: 0.1, Max: 0.2, Diff: 0.2, Sum: 0.5]
         [Termination Attempts: Min: 1, Avg: 1.0, Max: 1, Diff: 0, Sum: 4]
      [GC Worker Other (ms): Min: 0.0, Avg: 0.0, Max: 0.0, Diff: 0.0, Sum: 0.1]
      [GC Worker Total (ms): Min: 2.5, Avg: 2.5, Max: 2.6, Diff: 0.0, Sum: 10.1]
      [GC Worker End (ms): Min: 267.6, Avg: 267.6, Max: 267.6, Diff: 0.0]
   [Code Root Fixup: 0.0 ms]
   [Code Root Purge: 0.0 ms]
   [Clear CT: 0.1 ms]
   [Other: 0.4 ms]
      [Choose CSet: 0.0 ms]
      [Ref Proc: 0.2 ms]
      [Ref Enq: 0.0 ms]
      [Redirty Cards: 0.1 ms]
      [Humongous Register: 0.0 ms]
      [Humongous Reclaim: 0.0 ms]
      [Free CSet: 0.0 ms]
   [Eden: 41.0M(41.0M)->0.0B(30.0M) Survivors: 8192.0K->7168.0K Heap: 110.9M(139.0M)->76.3M(141.0M)]
 [Times: user=0.00 sys=0.00, real=0.00 secs] 
2020-10-25T17:22:51.314+0800: 0.269: [GC pause (G1 Humongous Allocation) (young) (initial-mark), 0.0018226 secs]
   [Parallel Time: 1.0 ms, GC Workers: 4]
      [GC Worker Start (ms): Min: 269.5, Avg: 269.6, Max: 269.6, Diff: 0.0]
      [Ext Root Scanning (ms): Min: 0.2, Avg: 0.2, Max: 0.2, Diff: 0.0, Sum: 0.8]
      [Update RS (ms): Min: 0.0, Avg: 0.0, Max: 0.0, Diff: 0.0, Sum: 0.1]
         [Processed Buffers: Min: 1, Avg: 1.5, Max: 3, Diff: 2, Sum: 6]
      [Scan RS (ms): Min: 0.0, Avg: 0.0, Max: 0.0, Diff: 0.0, Sum: 0.0]
      [Code Root Scanning (ms): Min: 0.0, Avg: 0.0, Max: 0.0, Diff: 0.0, Sum: 0.0]
      [Object Copy (ms): Min: 0.6, Avg: 0.6, Max: 0.6, Diff: 0.0, Sum: 2.4]
      [Termination (ms): Min: 0.0, Avg: 0.0, Max: 0.1, Diff: 0.0, Sum: 0.1]
         [Termination Attempts: Min: 1, Avg: 1.0, Max: 1, Diff: 0, Sum: 4]
      [GC Worker Other (ms): Min: 0.0, Avg: 0.0, Max: 0.0, Diff: 0.0, Sum: 0.1]
      [GC Worker Total (ms): Min: 0.9, Avg: 0.9, Max: 0.9, Diff: 0.0, Sum: 3.6]
      [GC Worker End (ms): Min: 270.4, Avg: 270.4, Max: 270.5, Diff: 0.0]
   [Code Root Fixup: 0.0 ms]
   [Code Root Purge: 0.0 ms]
   [Clear CT: 0.1 ms]
   [Other: 0.8 ms]
      [Choose CSet: 0.0 ms]
      [Ref Proc: 0.6 ms]
      [Ref Enq: 0.0 ms]
      [Redirty Cards: 0.1 ms]
      [Humongous Register: 0.0 ms]
      [Humongous Reclaim: 0.0 ms]
      [Free CSet: 0.0 ms]
   [Eden: 5120.0K(30.0M)->0.0B(29.0M) Survivors: 7168.0K->2048.0K Heap: 81.3M(141.0M)->77.9M(141.0M)]
 [Times: user=0.00 sys=0.00, real=0.00 secs] 
2020-10-25T17:22:51.315+0800: 0.271: [GC concurrent-root-region-scan-start]
2020-10-25T17:22:51.315+0800: 0.272: [GC concurrent-root-region-scan-end, 0.0000816 secs]
2020-10-25T17:22:51.315+0800: 0.272: [GC concurrent-mark-start]
2020-10-25T17:22:51.316+0800: 0.273: [GC concurrent-mark-end, 0.0013119 secs]
2020-10-25T17:22:51.316+0800: 0.273: [GC remark 2020-10-25T17:22:51.316+0800: 0.273: [Finalize Marking, 0.0000813 secs] 2020-10-25T17:22:51.316+0800: 0.273: [GC ref-proc, 0.0000589 secs] 2020-10-25T17:22:51.316+0800: 0.273: [Unloading, 0.0004886 secs], 0.0009940 secs]
 [Times: user=0.00 sys=0.00, real=0.00 secs] 
2020-10-25T17:22:51.317+0800: 0.274: [GC cleanup 85M->85M(141M), 0.0003942 secs]
 [Times: user=0.00 sys=0.00, real=0.00 secs] 
2020-10-25T17:22:51.324+0800: 0.282: [GC pause (G1 Evacuation Pause) (young), 0.0045469 secs]
   [Parallel Time: 1.7 ms, GC Workers: 4]
      [GC Worker Start (ms): Min: 281.7, Avg: 281.7, Max: 281.8, Diff: 0.0]
      [Ext Root Scanning (ms): Min: 0.2, Avg: 0.2, Max: 0.2, Diff: 0.0, Sum: 0.8]
      [Update RS (ms): Min: 0.1, Avg: 0.2, Max: 0.2, Diff: 0.1, Sum: 0.8]
         [Processed Buffers: Min: 3, Avg: 3.0, Max: 3, Diff: 0, Sum: 12]
      [Scan RS (ms): Min: 0.0, Avg: 0.0, Max: 0.0, Diff: 0.0, Sum: 0.1]
      [Code Root Scanning (ms): Min: 0.0, Avg: 0.0, Max: 0.0, Diff: 0.0, Sum: 0.0]
      [Object Copy (ms): Min: 0.9, Avg: 1.0, Max: 1.1, Diff: 0.2, Sum: 4.0]
      [Termination (ms): Min: 0.0, Avg: 0.1, Max: 0.3, Diff: 0.3, Sum: 0.4]
         [Termination Attempts: Min: 1, Avg: 1.0, Max: 1, Diff: 0, Sum: 4]
      [GC Worker Other (ms): Min: 0.0, Avg: 0.0, Max: 0.0, Diff: 0.0, Sum: 0.1]
      [GC Worker Total (ms): Min: 1.5, Avg: 1.6, Max: 1.6, Diff: 0.1, Sum: 6.2]
      [GC Worker End (ms): Min: 283.3, Avg: 283.3, Max: 283.4, Diff: 0.1]
   [Code Root Fixup: 0.0 ms]
   [Code Root Purge: 0.0 ms]
   [Clear CT: 0.1 ms]
   [Other: 2.8 ms]
      [Choose CSet: 0.0 ms]
      [Ref Proc: 0.1 ms]
      [Ref Enq: 0.0 ms]
      [Redirty Cards: 0.0 ms]
      [Humongous Register: 0.0 ms]
      [Humongous Reclaim: 0.0 ms]
      [Free CSet: 0.0 ms]
   [Eden: 29.0M(29.0M)->0.0B(122.0M) Survivors: 2048.0K->4096.0K Heap: 117.7M(141.0M)->90.3M(286.0M)]
 [Times: user=0.00 sys=0.00, real=0.01 secs] 
2020-10-25T17:22:51.357+0800: 0.315: [GC pause (G1 Humongous Allocation) (young) (initial-mark), 0.0124899 secs]
   [Parallel Time: 6.5 ms, GC Workers: 4]
      [GC Worker Start (ms): Min: 315.6, Avg: 315.6, Max: 315.6, Diff: 0.0]
      [Ext Root Scanning (ms): Min: 0.2, Avg: 0.2, Max: 0.2, Diff: 0.0, Sum: 0.9]
      [Update RS (ms): Min: 0.2, Avg: 0.2, Max: 0.2, Diff: 0.0, Sum: 0.8]
         [Processed Buffers: Min: 3, Avg: 3.0, Max: 3, Diff: 0, Sum: 12]
      [Scan RS (ms): Min: 0.0, Avg: 0.0, Max: 0.0, Diff: 0.0, Sum: 0.1]
      [Code Root Scanning (ms): Min: 0.0, Avg: 0.0, Max: 0.0, Diff: 0.0, Sum: 0.1]
      [Object Copy (ms): Min: 5.8, Avg: 5.8, Max: 5.8, Diff: 0.1, Sum: 23.2]
      [Termination (ms): Min: 0.0, Avg: 0.1, Max: 0.1, Diff: 0.1, Sum: 0.3]
         [Termination Attempts: Min: 1, Avg: 1.0, Max: 1, Diff: 0, Sum: 4]
      [GC Worker Other (ms): Min: 0.0, Avg: 0.0, Max: 0.0, Diff: 0.0, Sum: 0.1]
      [GC Worker Total (ms): Min: 6.3, Avg: 6.4, Max: 6.4, Diff: 0.1, Sum: 25.4]
      [GC Worker End (ms): Min: 321.9, Avg: 321.9, Max: 322.0, Diff: 0.1]
   [Code Root Fixup: 0.0 ms]
   [Code Root Purge: 0.0 ms]
   [Clear CT: 0.1 ms]
   [Other: 5.9 ms]
      [Choose CSet: 0.0 ms]
      [Ref Proc: 0.1 ms]
      [Ref Enq: 0.0 ms]
      [Redirty Cards: 0.2 ms]
      [Humongous Register: 0.0 ms]
      [Humongous Reclaim: 0.0 ms]
      [Free CSet: 0.1 ms]
   [Eden: 52.0M(122.0M)->0.0B(267.0M) Survivors: 4096.0K->16.0M Heap: 161.4M(286.0M)->113.3M(572.0M)]
 [Times: user=0.01 sys=0.00, real=0.01 secs] 
2020-10-25T17:22:51.369+0800: 0.328: [GC concurrent-root-region-scan-start]
2020-10-25T17:22:51.369+0800: 0.328: [GC concurrent-root-region-scan-end, 0.0001374 secs]
2020-10-25T17:22:51.369+0800: 0.328: [GC concurrent-mark-start]
2020-10-25T17:22:51.370+0800: 0.330: [GC concurrent-mark-end, 0.0015105 secs]
2020-10-25T17:22:51.370+0800: 0.330: [GC remark 2020-10-25T17:22:51.371+0800: 0.330: [Finalize Marking, 0.0000707 secs] 2020-10-25T17:22:51.371+0800: 0.330: [GC ref-proc, 0.0000939 secs] 2020-10-25T17:22:51.371+0800: 0.330: [Unloading, 0.0005626 secs], 0.0012141 secs]
 [Times: user=0.00 sys=0.00, real=0.00 secs] 
2020-10-25T17:22:51.371+0800: 0.331: [GC cleanup 116M->116M(572M), 0.0007238 secs]
 [Times: user=0.00 sys=0.00, real=0.00 secs] 
2020-10-25T17:22:51.528+0800: 0.494: [GC pause (G1 Evacuation Pause) (young), 0.0246235 secs]
   [Parallel Time: 18.4 ms, GC Workers: 4]
      [GC Worker Start (ms): Min: 494.0, Avg: 495.2, Max: 498.8, Diff: 4.8]
      [Ext Root Scanning (ms): Min: 0.0, Avg: 0.2, Max: 0.2, Diff: 0.2, Sum: 0.7]
      [Update RS (ms): Min: 0.0, Avg: 0.2, Max: 0.3, Diff: 0.3, Sum: 0.9]
         [Processed Buffers: Min: 0, Avg: 3.3, Max: 5, Diff: 5, Sum: 13]
      [Scan RS (ms): Min: 0.0, Avg: 0.1, Max: 0.1, Diff: 0.1, Sum: 0.4]
      [Code Root Scanning (ms): Min: 0.0, Avg: 0.1, Max: 0.1, Diff: 0.1, Sum: 0.3]
      [Object Copy (ms): Min: 13.4, Avg: 16.5, Max: 17.6, Diff: 4.2, Sum: 65.9]
      [Termination (ms): Min: 0.0, Avg: 0.1, Max: 0.1, Diff: 0.1, Sum: 0.3]
         [Termination Attempts: Min: 1, Avg: 1.0, Max: 1, Diff: 0, Sum: 4]
      [GC Worker Other (ms): Min: 0.0, Avg: 0.0, Max: 0.0, Diff: 0.0, Sum: 0.1]
      [GC Worker Total (ms): Min: 13.6, Avg: 17.2, Max: 18.4, Diff: 4.8, Sum: 68.7]
      [GC Worker End (ms): Min: 512.3, Avg: 512.3, Max: 512.4, Diff: 0.0]
   [Code Root Fixup: 0.0 ms]
   [Code Root Purge: 0.0 ms]
   [Clear CT: 0.1 ms]
   [Other: 6.1 ms]
      [Choose CSet: 0.0 ms]
      [Ref Proc: 0.2 ms]
      [Ref Enq: 0.0 ms]
      [Redirty Cards: 0.1 ms]
      [Humongous Register: 0.1 ms]
      [Humongous Reclaim: 0.1 ms]
      [Free CSet: 0.3 ms]
   [Eden: 267.0M(267.0M)->0.0B(167.0M) Survivors: 16.0M->36.0M Heap: 444.5M(572.0M)->207.6M(878.0M)]
 [Times: user=0.03 sys=0.03, real=0.02 secs] 
2020-10-25T17:22:51.643+0800: 0.614: [GC pause (G1 Evacuation Pause) (young), 0.0189038 secs]
   [Parallel Time: 13.6 ms, GC Workers: 4]
      [GC Worker Start (ms): Min: 614.2, Avg: 614.2, Max: 614.3, Diff: 0.0]
      [Ext Root Scanning (ms): Min: 0.2, Avg: 0.2, Max: 0.2, Diff: 0.1, Sum: 0.9]
      [Update RS (ms): Min: 0.3, Avg: 0.4, Max: 0.4, Diff: 0.0, Sum: 1.4]
         [Processed Buffers: Min: 4, Avg: 5.0, Max: 6, Diff: 2, Sum: 20]
      [Scan RS (ms): Min: 0.1, Avg: 0.1, Max: 0.1, Diff: 0.0, Sum: 0.3]
      [Code Root Scanning (ms): Min: 0.1, Avg: 0.1, Max: 0.1, Diff: 0.0, Sum: 0.2]
      [Object Copy (ms): Min: 12.7, Avg: 12.7, Max: 12.7, Diff: 0.1, Sum: 50.8]
      [Termination (ms): Min: 0.0, Avg: 0.0, Max: 0.0, Diff: 0.0, Sum: 0.0]
         [Termination Attempts: Min: 1, Avg: 1.0, Max: 1, Diff: 0, Sum: 4]
      [GC Worker Other (ms): Min: 0.0, Avg: 0.0, Max: 0.0, Diff: 0.0, Sum: 0.1]
      [GC Worker Total (ms): Min: 13.4, Avg: 13.5, Max: 13.5, Diff: 0.0, Sum: 53.9]
      [GC Worker End (ms): Min: 627.7, Avg: 627.7, Max: 627.7, Diff: 0.0]
   [Code Root Fixup: 0.0 ms]
   [Code Root Purge: 0.0 ms]
   [Clear CT: 0.1 ms]
   [Other: 5.2 ms]
      [Choose CSet: 0.0 ms]
      [Ref Proc: 0.4 ms]
      [Ref Enq: 0.0 ms]
      [Redirty Cards: 0.1 ms]
      [Humongous Register: 0.1 ms]
      [Humongous Reclaim: 0.1 ms]
      [Free CSet: 0.1 ms]
   [Eden: 167.0M(167.0M)->0.0B(268.0M) Survivors: 36.0M->26.0M Heap: 420.9M(878.0M)->257.1M(1112.0M)]
 [Times: user=0.02 sys=0.05, real=0.02 secs] 
Heap
 garbage-first heap   total 1138688K, used 558923K [0x0000000080200000, 0x00000000803022c0, 0x0000000100000000)
  region size 1024K, 257 young (263168K), 26 survivors (26624K)
 Metaspace       used 2673K, capacity 4486K, committed 4864K, reserved 1056768K
  class space    used 297K, capacity 386K, committed 512K, reserved 1048576K
